#! /c/Source/iverilog-install/bin/vvp
:ivl_version "12.0 (devel)" "(s20150603-1539-g2693dd32b)";
:ivl_delay_selection "TYPICAL";
:vpi_time_precision - 12;
:vpi_module "C:\iverilog\lib\ivl\system.vpi";
:vpi_module "C:\iverilog\lib\ivl\vhdl_sys.vpi";
:vpi_module "C:\iverilog\lib\ivl\vhdl_textio.vpi";
:vpi_module "C:\iverilog\lib\ivl\v2005_math.vpi";
:vpi_module "C:\iverilog\lib\ivl\va_math.vpi";
S_000002501545df90 .scope module, "CPU" "CPU" 2 10;
 .timescale -9 -12;
    .port_info 0 /INPUT 1 "clk";
    .port_info 1 /INPUT 1 "rst";
    .port_info 2 /INPUT 1 "irq_external";
    .port_info 3 /INPUT 1 "timer_int";
    .port_info 4 /INPUT 1 "soft_int";
    .port_info 5 /OUTPUT 16 "mem_fetch_addr";
    .port_info 6 /OUTPUT 32 "mem_read_addr";
    .port_info 7 /OUTPUT 32 "mem_write_addr";
    .port_info 8 /OUTPUT 32 "mem_data_in";
    .port_info 9 /OUTPUT 3 "mem_read_mode";
    .port_info 10 /OUTPUT 3 "mem_write_mode";
    .port_info 11 /INPUT 32 "mem_data_out";
    .port_info 12 /INPUT 32 "mem_instruction";
o00000250155822a8 .functor BUFZ 32, C4<zzzzzzzzzzzzzzzzzzzzzzzzzzzzzzzz>; HiZ drive
L_00000250154c5e80 .functor BUFZ 32, o00000250155822a8, C4<00000000000000000000000000000000>, C4<00000000000000000000000000000000>, C4<00000000000000000000000000000000>;
o0000025015582248 .functor BUFZ 32, C4<zzzzzzzzzzzzzzzzzzzzzzzzzzzzzzzz>; HiZ drive
L_00000250154c5940 .functor BUFZ 32, o0000025015582248, C4<00000000000000000000000000000000>, C4<00000000000000000000000000000000>, C4<00000000000000000000000000000000>;
L_00000250154c5400 .functor AND 1, L_000002501560f490, L_000002501560ee50, C4<1>, C4<1>;
o0000025015582128 .functor BUFZ 1, C4<z>; HiZ drive
L_00000250154c59b0 .functor OR 1, L_000002501560f990, o0000025015582128, C4<0>, C4<0>;
L_00000250154c55c0 .functor AND 1, L_00000250154c5400, L_00000250154c59b0, C4<1>, C4<1>;
L_00000250154c5a20 .functor AND 1, L_000002501560fb70, L_000002501560fcb0, C4<1>, C4<1>;
o00000250155826f8 .functor BUFZ 1, C4<z>; HiZ drive
L_00000250154c5a90 .functor OR 1, L_000002501560fe90, o00000250155826f8, C4<0>, C4<0>;
L_00000250154c5c50 .functor AND 1, L_00000250154c5a20, L_00000250154c5a90, C4<1>, C4<1>;
L_00000250154c5b00 .functor AND 1, L_000002501560f170, L_000002501560e630, C4<1>, C4<1>;
o0000025015582788 .functor BUFZ 1, C4<z>; HiZ drive
L_000002501545c3a0 .functor OR 1, L_000002501560ff30, o0000025015582788, C4<0>, C4<0>;
L_0000025015611930 .functor AND 1, L_00000250154c5b00, L_000002501545c3a0, C4<1>, C4<1>;
L_0000025015611f50 .functor OR 1, L_00000250154c55c0, L_00000250154c5c50, C4<0>, C4<0>;
L_0000025015611380 .functor OR 1, L_0000025015611f50, L_0000025015611930, C4<0>, C4<0>;
L_0000025015611b60 .functor BUFZ 32, v00000250154e31d0_0, C4<00000000000000000000000000000000>, C4<00000000000000000000000000000000>, C4<00000000000000000000000000000000>;
L_0000025015611540 .functor BUFZ 32, v00000250154e3b30_0, C4<00000000000000000000000000000000>, C4<00000000000000000000000000000000>, C4<00000000000000000000000000000000>;
L_0000025015611bd0 .functor BUFZ 32, v00000250154e4cb0_0, C4<00000000000000000000000000000000>, C4<00000000000000000000000000000000>, C4<00000000000000000000000000000000>;
L_00000250156117e0 .functor BUFZ 3, v00000250154e3450_0, C4<000>, C4<000>, C4<000>;
L_0000025015611fc0 .functor BUFZ 3, v00000250154e45d0_0, C4<000>, C4<000>, C4<000>;
L_0000025015611c40 .functor AND 1, L_000002501560e1d0, L_000002501560ea90, C4<1>, C4<1>;
L_0000025015611150 .functor AND 1, L_0000025015611c40, L_000002501560f0d0, C4<1>, C4<1>;
L_0000025015611690 .functor AND 1, L_0000025015611150, L_000002501560e950, C4<1>, C4<1>;
L_00000250156119a0 .functor AND 1, L_0000025015611c40, L_000002501560f030, C4<1>, C4<1>;
L_00000250156113f0 .functor AND 1, L_00000250156119a0, L_000002501560f7b0, C4<1>, C4<1>;
L_0000025015611460 .functor AND 1, L_000002501560f530, L_000002501560f5d0, C4<1>, C4<1>;
L_0000025015611cb0 .functor BUFZ 32, v00000250155b4560_0, C4<00000000000000000000000000000000>, C4<00000000000000000000000000000000>, C4<00000000000000000000000000000000>;
L_0000025015611770 .functor AND 1, L_0000025015613880, L_00000250156125c0, C4<1>, C4<1>;
L_0000025015612030 .functor OR 1, v00000250155b5280_0, v00000250155b50a0_0, C4<0>, C4<0>;
L_0000025015611e70 .functor OR 1, L_0000025015612030, L_0000025015612ca0, C4<0>, C4<0>;
L_00000250156115b0 .functor OR 1, L_0000025015611e70, L_0000025015613560, C4<0>, C4<0>;
L_0000025015611620 .functor AND 1, L_0000025015613600, v00000250155b2910_0, C4<1>, C4<1>;
L_0000025015611310 .functor OR 1, L_00000250156115b0, L_0000025015611620, C4<0>, C4<0>;
v00000250154e43f0_0 .net "BRAMInstruction", 31 0, L_00000250155b5aa0;  1 drivers
v00000250154e4cb0_0 .var "BRAM_data_in", 31 0;
v00000250154e4df0_0 .net "BRAM_data_out", 31 0, L_00000250154c5940;  1 drivers
v00000250154e3450_0 .var "BRAM_load_mode", 2 0;
v00000250154e31d0_0 .var "BRAM_read_addr", 31 0;
v00000250154e45d0_0 .var "BRAM_store_mode", 2 0;
v00000250154e3b30_0 .var "BRAM_write_addr", 31 0;
v00000250154e38b0_0 .var "EX_csr_result", 31 0;
v00000250154e3d10_0 .var "EX_result", 31 0;
v00000250154e3310_0 .net "IF_instruction", 31 0, L_00000250154c5e80;  1 drivers
v00000250154e4490_0 .var "PC", 31 0;
v00000250154e33b0_0 .var "PC_decode", 31 0;
v00000250154e4530_0 .var "WB_rd_addr", 4 0;
v00000250154e3590_0 .var "WB_rd_data", 31 0;
v00000250154e4710_0 .var "WB_write_enable", 0 0;
v00000250154e34f0_0 .net *"_ivl_100", 0 0, L_00000250154c59b0;  1 drivers
v00000250154e39f0_0 .net *"_ivl_105", 0 0, L_000002501560fb70;  1 drivers
v00000250154e3630_0 .net *"_ivl_107", 0 0, L_000002501560fcb0;  1 drivers
v00000250154e47b0_0 .net *"_ivl_108", 0 0, L_00000250154c5a20;  1 drivers
v00000250154e4850_0 .net *"_ivl_111", 0 0, L_000002501560fe90;  1 drivers
v00000250154e36d0_0 .net *"_ivl_112", 0 0, L_00000250154c5a90;  1 drivers
v00000250154e48f0_0 .net *"_ivl_117", 0 0, L_000002501560f170;  1 drivers
v00000250154e3810_0 .net *"_ivl_119", 0 0, L_000002501560e630;  1 drivers
v00000250154e4990_0 .net *"_ivl_120", 0 0, L_00000250154c5b00;  1 drivers
v00000250154e4a30_0 .net *"_ivl_123", 0 0, L_000002501560ff30;  1 drivers
v00000250154e4ad0_0 .net *"_ivl_124", 0 0, L_000002501545c3a0;  1 drivers
v00000250154e4b70_0 .net *"_ivl_128", 0 0, L_0000025015611f50;  1 drivers
L_00000250155b62c0 .functor BUFT 1, C4<11>, C4<0>, C4<0>, C4<0>;
v00000250154c10c0_0 .net/2u *"_ivl_144", 1 0, L_00000250155b62c0;  1 drivers
v00000250155b11c0_0 .net *"_ivl_146", 0 0, L_000002501560e1d0;  1 drivers
L_00000250155b6308 .functor BUFT 1, C4<00000>, C4<0>, C4<0>, C4<0>;
v00000250155b0180_0 .net/2u *"_ivl_148", 4 0, L_00000250155b6308;  1 drivers
v00000250155b16c0_0 .net *"_ivl_150", 0 0, L_000002501560ea90;  1 drivers
L_00000250155b6350 .functor BUFT 1, C4<10>, C4<0>, C4<0>, C4<0>;
v00000250155b0220_0 .net/2u *"_ivl_154", 1 0, L_00000250155b6350;  1 drivers
v00000250155b0540_0 .net *"_ivl_156", 0 0, L_000002501560f710;  1 drivers
v00000250155b0720_0 .net *"_ivl_160", 0 0, L_000002501560f0d0;  1 drivers
v00000250155b1b20_0 .net *"_ivl_163", 0 0, L_0000025015611150;  1 drivers
L_00000250155b6398 .functor BUFT 1, C4<00000>, C4<0>, C4<0>, C4<0>;
v00000250155b13a0_0 .net/2u *"_ivl_164", 4 0, L_00000250155b6398;  1 drivers
v00000250155b0d60_0 .net *"_ivl_166", 0 0, L_000002501560e950;  1 drivers
v00000250155b0ae0_0 .net *"_ivl_169", 0 0, L_0000025015611690;  1 drivers
v00000250155b19e0_0 .net *"_ivl_172", 0 0, L_000002501560f030;  1 drivers
v00000250155b1760_0 .net *"_ivl_175", 0 0, L_00000250156119a0;  1 drivers
L_00000250155b63e0 .functor BUFT 1, C4<00000>, C4<0>, C4<0>, C4<0>;
v00000250155b1f80_0 .net/2u *"_ivl_176", 4 0, L_00000250155b63e0;  1 drivers
v00000250155b0b80_0 .net *"_ivl_178", 0 0, L_000002501560f7b0;  1 drivers
v00000250155b1440_0 .net *"_ivl_181", 0 0, L_00000250156113f0;  1 drivers
L_00000250155b6428 .functor BUFT 1, C4<01>, C4<0>, C4<0>, C4<0>;
v00000250155b1080_0 .net/2u *"_ivl_184", 1 0, L_00000250155b6428;  1 drivers
v00000250155b1120_0 .net *"_ivl_186", 0 0, L_000002501560f530;  1 drivers
v00000250155b1260_0 .net *"_ivl_188", 0 0, L_000002501560f5d0;  1 drivers
L_00000250155b6470 .functor BUFT 1, C4<01>, C4<0>, C4<0>, C4<0>;
v00000250155b0c20_0 .net/2u *"_ivl_194", 1 0, L_00000250155b6470;  1 drivers
v00000250155b18a0_0 .net *"_ivl_196", 0 0, L_0000025015613880;  1 drivers
L_00000250155b64b8 .functor BUFT 1, C4<001101000001>, C4<0>, C4<0>, C4<0>;
v00000250155b1a80_0 .net/2u *"_ivl_198", 11 0, L_00000250155b64b8;  1 drivers
v00000250155b0f40_0 .net *"_ivl_200", 0 0, L_00000250156125c0;  1 drivers
v00000250155b1300_0 .net *"_ivl_203", 0 0, L_0000025015611770;  1 drivers
v00000250155b14e0_0 .net *"_ivl_207", 0 0, L_0000025015612030;  1 drivers
L_00000250155b6500 .functor BUFT 1, C4<1101111>, C4<0>, C4<0>, C4<0>;
v00000250155b1800_0 .net/2u *"_ivl_208", 6 0, L_00000250155b6500;  1 drivers
v00000250155b0360_0 .net *"_ivl_210", 0 0, L_0000025015612ca0;  1 drivers
v00000250155b0a40_0 .net *"_ivl_213", 0 0, L_0000025015611e70;  1 drivers
L_00000250155b6548 .functor BUFT 1, C4<1100111>, C4<0>, C4<0>, C4<0>;
v00000250155b0e00_0 .net/2u *"_ivl_214", 6 0, L_00000250155b6548;  1 drivers
v00000250155b0fe0_0 .net *"_ivl_216", 0 0, L_0000025015613560;  1 drivers
v00000250155b1580_0 .net *"_ivl_219", 0 0, L_00000250156115b0;  1 drivers
L_00000250155b6590 .functor BUFT 1, C4<1100011>, C4<0>, C4<0>, C4<0>;
v00000250155b1c60_0 .net/2u *"_ivl_220", 6 0, L_00000250155b6590;  1 drivers
v00000250155b0ea0_0 .net *"_ivl_222", 0 0, L_0000025015613600;  1 drivers
v00000250155b00e0_0 .net *"_ivl_225", 0 0, L_0000025015611620;  1 drivers
v00000250155b1620_0 .net *"_ivl_23", 0 0, L_00000250155b5f00;  1 drivers
v00000250155b1940_0 .net *"_ivl_24", 19 0, L_000002501560ebd0;  1 drivers
v00000250155b1bc0_0 .net *"_ivl_27", 11 0, L_000002501560e310;  1 drivers
v00000250155b1d00_0 .net *"_ivl_31", 0 0, L_000002501560e270;  1 drivers
v00000250155b0900_0 .net *"_ivl_32", 19 0, L_000002501560e3b0;  1 drivers
v00000250155b0400_0 .net *"_ivl_35", 6 0, L_000002501560fc10;  1 drivers
v00000250155b09a0_0 .net *"_ivl_37", 4 0, L_000002501560ec70;  1 drivers
L_00000250155b6110 .functor BUFT 1, C4<00000000000000000000000000000000>, C4<0>, C4<0>, C4<0>;
v00000250155b1da0_0 .net/2u *"_ivl_4", 31 0, L_00000250155b6110;  1 drivers
v00000250155b0cc0_0 .net *"_ivl_41", 0 0, L_000002501560f850;  1 drivers
v00000250155b0860_0 .net *"_ivl_42", 18 0, L_000002501560e450;  1 drivers
v00000250155b1e40_0 .net *"_ivl_45", 0 0, L_000002501560ef90;  1 drivers
v00000250155b1ee0_0 .net *"_ivl_47", 0 0, L_000002501560ed10;  1 drivers
v00000250155b02c0_0 .net *"_ivl_49", 5 0, L_000002501560f8f0;  1 drivers
v00000250155b04a0_0 .net *"_ivl_51", 3 0, L_000002501560fa30;  1 drivers
L_00000250155b6158 .functor BUFT 1, C4<0>, C4<0>, C4<0>, C4<0>;
v00000250155b05e0_0 .net/2u *"_ivl_52", 0 0, L_00000250155b6158;  1 drivers
v00000250155b0680_0 .net *"_ivl_57", 19 0, L_000002501560e770;  1 drivers
L_00000250155b61a0 .functor BUFT 1, C4<000000000000>, C4<0>, C4<0>, C4<0>;
v00000250155b07c0_0 .net/2u *"_ivl_58", 11 0, L_00000250155b61a0;  1 drivers
v00000250155b2550_0 .net *"_ivl_63", 0 0, L_000002501560e810;  1 drivers
v00000250155b2a50_0 .net *"_ivl_64", 10 0, L_000002501560e9f0;  1 drivers
v00000250155b22d0_0 .net *"_ivl_67", 0 0, L_000002501560e130;  1 drivers
v00000250155b3590_0 .net *"_ivl_69", 7 0, L_000002501560e4f0;  1 drivers
v00000250155b33b0_0 .net *"_ivl_71", 0 0, L_000002501560e8b0;  1 drivers
v00000250155b2af0_0 .net *"_ivl_73", 9 0, L_000002501560e590;  1 drivers
L_00000250155b61e8 .functor BUFT 1, C4<0>, C4<0>, C4<0>, C4<0>;
v00000250155b3ef0_0 .net/2u *"_ivl_74", 0 0, L_00000250155b61e8;  1 drivers
L_00000250155b6230 .functor BUFT 1, C4<000000000000000000000000000>, C4<0>, C4<0>, C4<0>;
v00000250155b29b0_0 .net/2u *"_ivl_80", 26 0, L_00000250155b6230;  1 drivers
v00000250155b2eb0_0 .net *"_ivl_83", 4 0, L_000002501560fdf0;  1 drivers
L_00000250155b6278 .functor BUFT 1, C4<00000000000000000000000000000000>, C4<0>, C4<0>, C4<0>;
v00000250155b3a90_0 .net/2u *"_ivl_88", 31 0, L_00000250155b6278;  1 drivers
v00000250155b25f0_0 .net *"_ivl_93", 0 0, L_000002501560f490;  1 drivers
v00000250155b2370_0 .net *"_ivl_95", 0 0, L_000002501560ee50;  1 drivers
v00000250155b3810_0 .net *"_ivl_96", 0 0, L_00000250154c5400;  1 drivers
v00000250155b2870_0 .net *"_ivl_99", 0 0, L_000002501560f990;  1 drivers
v00000250155b2230_0 .var "alu_control", 3 0;
v00000250155b38b0_0 .net "alu_result", 31 0, v00000250154e4c10_0;  1 drivers
v00000250155b2910_0 .var "branch_taken", 0 0;
o0000025015580358 .functor BUFZ 1, C4<z>; HiZ drive
v00000250155b3770_0 .net "clk", 0 0, o0000025015580358;  0 drivers
v00000250155b2e10_0 .net "csr_addr", 11 0, L_000002501560fad0;  1 drivers
v00000250155b2690_0 .net "csr_forward", 0 0, L_0000025015611460;  1 drivers
v00000250155b31d0_0 .net "csr_forward_data", 31 0, L_0000025015611cb0;  1 drivers
v00000250155b2410_0 .var "csr_read_value", 31 0;
v00000250155b3d10_0 .var "cycle", 63 0;
v00000250155b20f0_0 .var "ebreak_instr", 0 0;
v00000250155b34f0_0 .var "ecall_instr", 0 0;
v00000250155b2190_0 .net "flush", 0 0, L_0000025015611310;  1 drivers
v00000250155b2c30_0 .var "flush_d", 0 0;
v00000250155b3950_0 .net "funct3", 2 0, L_00000250155b5320;  1 drivers
v00000250155b2730_0 .net "funct7", 6 0, L_00000250155b5dc0;  1 drivers
v00000250155b24b0_0 .var "illegal_instr", 0 0;
v00000250155b27d0_0 .net "imm_b", 31 0, L_000002501560f2b0;  1 drivers
v00000250155b3450_0 .net "imm_i", 31 0, L_000002501560f3f0;  1 drivers
v00000250155b2b90_0 .net "imm_j", 31 0, L_000002501560fd50;  1 drivers
v00000250155b3c70_0 .net "imm_s", 31 0, L_000002501560eb30;  1 drivers
v00000250155b3270_0 .net "imm_u", 31 0, L_000002501560ffd0;  1 drivers
v00000250155b2cd0_0 .var "instret", 63 0;
v00000250155b3db0_0 .net "irq_ext", 0 0, L_00000250154c55c0;  1 drivers
v00000250155b3b30_0 .net "irq_external", 0 0, o0000025015582128;  0 drivers
v00000250155b3e50_0 .net "irq_ready", 0 0, L_0000025015611380;  1 drivers
v00000250155b39f0_0 .net "irq_soft", 0 0, L_00000250154c5c50;  1 drivers
v00000250155b2d70_0 .net "irq_timer", 0 0, L_0000025015611930;  1 drivers
v00000250155b3630_0 .var "mcause", 31 0;
v00000250155b36d0_0 .net "mem_data_in", 31 0, L_0000025015611bd0;  1 drivers
v00000250155b3310_0 .net "mem_data_out", 31 0, o0000025015582248;  0 drivers
v00000250155b3bd0_0 .net "mem_fetch_addr", 15 0, L_000002501560e6d0;  1 drivers
v00000250155b2f50_0 .net "mem_instruction", 31 0, o00000250155822a8;  0 drivers
v00000250155b3090_0 .net "mem_read_addr", 31 0, L_0000025015611b60;  1 drivers
v00000250155b2ff0_0 .net "mem_read_mode", 2 0, L_00000250156117e0;  1 drivers
v00000250155b3f90_0 .net "mem_write_addr", 31 0, L_0000025015611540;  1 drivers
v00000250155b3130_0 .net "mem_write_mode", 2 0, L_0000025015611fc0;  1 drivers
v00000250155b4420_0 .var "mepc", 31 0;
v00000250155b5fa0_0 .net "mepc_forwarded", 31 0, L_00000250156134c0;  1 drivers
v00000250155b49c0_0 .var "mie", 31 0;
v00000250155b4240_0 .var "mip", 31 0;
L_00000250155b60c8 .functor BUFT 1, C4<01000000000000000000000100000000>, C4<0>, C4<0>, C4<0>;
v00000250155b42e0_0 .net "misa", 31 0, L_00000250155b60c8;  1 drivers
v00000250155b53c0_0 .var "mret_instr", 0 0;
v00000250155b51e0_0 .var "mscratch", 31 0;
v00000250155b5d20_0 .var "mstatus", 31 0;
v00000250155b4880_0 .var "mtval", 31 0;
v00000250155b4d80_0 .var "mtvec", 31 0;
v00000250155b4740_0 .var "next_PC", 31 0;
v00000250155b5be0_0 .net "opcode", 6 0, L_00000250155b56e0;  1 drivers
v00000250155b4c40_0 .var "operand_a", 31 0;
v00000250155b4b00_0 .var "operand_a_addr", 4 0;
v00000250155b4600_0 .var "operand_b", 31 0;
v00000250155b5820_0 .var "operand_b_addr", 4 0;
v00000250155b5e60_0 .net "rd_addr", 4 0, L_00000250155b5140;  1 drivers
v00000250155b55a0_0 .net "rs1_addr", 4 0, L_00000250155b47e0;  1 drivers
v00000250155b58c0_0 .net "rs1_data", 31 0, v00000250154e3ef0_0;  1 drivers
v00000250155b4e20_0 .net "rs1_data_fwd", 31 0, L_000002501560edb0;  1 drivers
v00000250155b44c0_0 .net "rs2_addr", 4 0, L_00000250155b5960;  1 drivers
v00000250155b5a00_0 .net "rs2_data", 31 0, v00000250154e40d0_0;  1 drivers
v00000250155b4ce0_0 .net "rs2_data_fwd", 31 0, L_000002501560f210;  1 drivers
o0000025015580ad8 .functor BUFZ 1, C4<z>; HiZ drive
v00000250155b41a0_0 .net "rst", 0 0, o0000025015580ad8;  0 drivers
v00000250155b4920_0 .net "shamt", 4 0, L_00000250155b5b40;  1 drivers
v00000250155b4380_0 .net "soft_int", 0 0, o00000250155826f8;  0 drivers
v00000250155b50a0_0 .var "take_mret", 0 0;
v00000250155b5280_0 .var "take_trap", 0 0;
v00000250155b4a60_0 .net "timer_int", 0 0, o0000025015582788;  0 drivers
v00000250155b5780_0 .var "toWB_Result_Reg", 31 0;
v00000250155b5c80_0 .var "toWB_csr_addr_Reg", 11 0;
v00000250155b4560_0 .var "toWB_csr_data_Reg", 31 0;
v00000250155b5460_0 .var "toWB_mode", 1 0;
v00000250155b4ba0_0 .var "toWB_mode_Reg", 1 0;
v00000250155b4ec0_0 .var "toWB_rd_addr_Reg", 4 0;
v00000250155b5500_0 .var "trap_cause", 31 0;
v00000250155b4f60_0 .var "trap_tval", 31 0;
v00000250155b5640_0 .net "uimm", 31 0, L_000002501560f350;  1 drivers
v00000250155b46a0_0 .net "valid_instr", 0 0, L_000002501560f670;  1 drivers
v00000250155b5000_0 .net "wb_forward_data", 31 0, L_000002501560eef0;  1 drivers
v00000250155b4100_0 .net "wb_write_gpr", 0 0, L_0000025015611c40;  1 drivers
E_00000250154db2a0 .event anyedge, v00000250155b4ba0_0, v00000250155b4ec0_0, v00000250155b5780_0, v00000250154e4df0_0;
E_00000250154dbf60/0 .event anyedge, v00000250155b55a0_0, v00000250155b44c0_0, v00000250154e4490_0, v00000250155b5be0_0;
E_00000250154dbf60/1 .event anyedge, v00000250155b3270_0, v00000250154e33b0_0, v00000250155b2b90_0, v00000250155b4e20_0;
E_00000250154dbf60/2 .event anyedge, v00000250155b3450_0, v00000250155b2910_0, v00000250155b27d0_0, v00000250154e4c10_0;
E_00000250154dbf60/3 .event anyedge, v00000250155b3950_0, v00000250155b3c70_0, v00000250155b4ce0_0, v00000250154e43f0_0;
E_00000250154dbf60/4 .event anyedge, v00000250155b2e10_0, v00000250155b2690_0, v00000250155b31d0_0, v00000250155b2410_0;
E_00000250154dbf60/5 .event anyedge, v00000250155b5640_0, v00000250155b46a0_0, v00000250155b3e50_0, v00000250155b34f0_0;
E_00000250154dbf60/6 .event anyedge, v00000250155b20f0_0, v00000250155b24b0_0, v00000250155b53c0_0, v00000250155b5280_0;
E_00000250154dbf60/7 .event anyedge, v00000250155b4d80_0, v00000250155b50a0_0, v00000250155b5fa0_0;
E_00000250154dbf60 .event/or E_00000250154dbf60/0, E_00000250154dbf60/1, E_00000250154dbf60/2, E_00000250154dbf60/3, E_00000250154dbf60/4, E_00000250154dbf60/5, E_00000250154dbf60/6, E_00000250154dbf60/7;
E_00000250154db4a0/0 .event anyedge, v00000250155b3e50_0, v00000250155b3db0_0, v00000250155b39f0_0, v00000250155b34f0_0;
E_00000250154db4a0/1 .event anyedge, v00000250155b20f0_0, v00000250154e33b0_0, v00000250154e43f0_0;
E_00000250154db4a0 .event/or E_00000250154db4a0/0, E_00000250154db4a0/1;
E_00000250154db0e0 .event anyedge, v00000250155b3950_0, v00000250155b4e20_0, v00000250155b4ce0_0;
L_00000250155b5aa0 .functor MUXZ 32, L_00000250154c5e80, L_00000250155b6110, v00000250155b2c30_0, C4<>;
L_00000250155b56e0 .part L_00000250155b5aa0, 0, 7;
L_00000250155b5320 .part L_00000250155b5aa0, 12, 3;
L_00000250155b5dc0 .part L_00000250155b5aa0, 25, 7;
L_00000250155b47e0 .part L_00000250155b5aa0, 15, 5;
L_00000250155b5960 .part L_00000250155b5aa0, 20, 5;
L_00000250155b5140 .part L_00000250155b5aa0, 7, 5;
L_00000250155b5b40 .part L_00000250155b5aa0, 20, 5;
L_00000250155b5f00 .part L_00000250155b5aa0, 31, 1;
LS_000002501560ebd0_0_0 .concat [ 1 1 1 1], L_00000250155b5f00, L_00000250155b5f00, L_00000250155b5f00, L_00000250155b5f00;
LS_000002501560ebd0_0_4 .concat [ 1 1 1 1], L_00000250155b5f00, L_00000250155b5f00, L_00000250155b5f00, L_00000250155b5f00;
LS_000002501560ebd0_0_8 .concat [ 1 1 1 1], L_00000250155b5f00, L_00000250155b5f00, L_00000250155b5f00, L_00000250155b5f00;
LS_000002501560ebd0_0_12 .concat [ 1 1 1 1], L_00000250155b5f00, L_00000250155b5f00, L_00000250155b5f00, L_00000250155b5f00;
LS_000002501560ebd0_0_16 .concat [ 1 1 1 1], L_00000250155b5f00, L_00000250155b5f00, L_00000250155b5f00, L_00000250155b5f00;
LS_000002501560ebd0_1_0 .concat [ 4 4 4 4], LS_000002501560ebd0_0_0, LS_000002501560ebd0_0_4, LS_000002501560ebd0_0_8, LS_000002501560ebd0_0_12;
LS_000002501560ebd0_1_4 .concat [ 4 0 0 0], LS_000002501560ebd0_0_16;
L_000002501560ebd0 .concat [ 16 4 0 0], LS_000002501560ebd0_1_0, LS_000002501560ebd0_1_4;
L_000002501560e310 .part L_00000250155b5aa0, 20, 12;
L_000002501560f3f0 .concat [ 12 20 0 0], L_000002501560e310, L_000002501560ebd0;
L_000002501560e270 .part L_00000250155b5aa0, 31, 1;
LS_000002501560e3b0_0_0 .concat [ 1 1 1 1], L_000002501560e270, L_000002501560e270, L_000002501560e270, L_000002501560e270;
LS_000002501560e3b0_0_4 .concat [ 1 1 1 1], L_000002501560e270, L_000002501560e270, L_000002501560e270, L_000002501560e270;
LS_000002501560e3b0_0_8 .concat [ 1 1 1 1], L_000002501560e270, L_000002501560e270, L_000002501560e270, L_000002501560e270;
LS_000002501560e3b0_0_12 .concat [ 1 1 1 1], L_000002501560e270, L_000002501560e270, L_000002501560e270, L_000002501560e270;
LS_000002501560e3b0_0_16 .concat [ 1 1 1 1], L_000002501560e270, L_000002501560e270, L_000002501560e270, L_000002501560e270;
LS_000002501560e3b0_1_0 .concat [ 4 4 4 4], LS_000002501560e3b0_0_0, LS_000002501560e3b0_0_4, LS_000002501560e3b0_0_8, LS_000002501560e3b0_0_12;
LS_000002501560e3b0_1_4 .concat [ 4 0 0 0], LS_000002501560e3b0_0_16;
L_000002501560e3b0 .concat [ 16 4 0 0], LS_000002501560e3b0_1_0, LS_000002501560e3b0_1_4;
L_000002501560fc10 .part L_00000250155b5aa0, 25, 7;
L_000002501560ec70 .part L_00000250155b5aa0, 7, 5;
L_000002501560eb30 .concat [ 5 7 20 0], L_000002501560ec70, L_000002501560fc10, L_000002501560e3b0;
L_000002501560f850 .part L_00000250155b5aa0, 31, 1;
LS_000002501560e450_0_0 .concat [ 1 1 1 1], L_000002501560f850, L_000002501560f850, L_000002501560f850, L_000002501560f850;
LS_000002501560e450_0_4 .concat [ 1 1 1 1], L_000002501560f850, L_000002501560f850, L_000002501560f850, L_000002501560f850;
LS_000002501560e450_0_8 .concat [ 1 1 1 1], L_000002501560f850, L_000002501560f850, L_000002501560f850, L_000002501560f850;
LS_000002501560e450_0_12 .concat [ 1 1 1 1], L_000002501560f850, L_000002501560f850, L_000002501560f850, L_000002501560f850;
LS_000002501560e450_0_16 .concat [ 1 1 1 0], L_000002501560f850, L_000002501560f850, L_000002501560f850;
LS_000002501560e450_1_0 .concat [ 4 4 4 4], LS_000002501560e450_0_0, LS_000002501560e450_0_4, LS_000002501560e450_0_8, LS_000002501560e450_0_12;
LS_000002501560e450_1_4 .concat [ 3 0 0 0], LS_000002501560e450_0_16;
L_000002501560e450 .concat [ 16 3 0 0], LS_000002501560e450_1_0, LS_000002501560e450_1_4;
L_000002501560ef90 .part L_00000250155b5aa0, 31, 1;
L_000002501560ed10 .part L_00000250155b5aa0, 7, 1;
L_000002501560f8f0 .part L_00000250155b5aa0, 25, 6;
L_000002501560fa30 .part L_00000250155b5aa0, 8, 4;
LS_000002501560f2b0_0_0 .concat [ 1 4 6 1], L_00000250155b6158, L_000002501560fa30, L_000002501560f8f0, L_000002501560ed10;
LS_000002501560f2b0_0_4 .concat [ 1 19 0 0], L_000002501560ef90, L_000002501560e450;
L_000002501560f2b0 .concat [ 12 20 0 0], LS_000002501560f2b0_0_0, LS_000002501560f2b0_0_4;
L_000002501560e770 .part L_00000250155b5aa0, 12, 20;
L_000002501560ffd0 .concat [ 12 20 0 0], L_00000250155b61a0, L_000002501560e770;
L_000002501560e810 .part L_00000250155b5aa0, 31, 1;
LS_000002501560e9f0_0_0 .concat [ 1 1 1 1], L_000002501560e810, L_000002501560e810, L_000002501560e810, L_000002501560e810;
LS_000002501560e9f0_0_4 .concat [ 1 1 1 1], L_000002501560e810, L_000002501560e810, L_000002501560e810, L_000002501560e810;
LS_000002501560e9f0_0_8 .concat [ 1 1 1 0], L_000002501560e810, L_000002501560e810, L_000002501560e810;
L_000002501560e9f0 .concat [ 4 4 3 0], LS_000002501560e9f0_0_0, LS_000002501560e9f0_0_4, LS_000002501560e9f0_0_8;
L_000002501560e130 .part L_00000250155b5aa0, 31, 1;
L_000002501560e4f0 .part L_00000250155b5aa0, 12, 8;
L_000002501560e8b0 .part L_00000250155b5aa0, 20, 1;
L_000002501560e590 .part L_00000250155b5aa0, 21, 10;
LS_000002501560fd50_0_0 .concat [ 1 10 1 8], L_00000250155b61e8, L_000002501560e590, L_000002501560e8b0, L_000002501560e4f0;
LS_000002501560fd50_0_4 .concat [ 1 11 0 0], L_000002501560e130, L_000002501560e9f0;
L_000002501560fd50 .concat [ 20 12 0 0], LS_000002501560fd50_0_0, LS_000002501560fd50_0_4;
L_000002501560fad0 .part L_00000250155b5aa0, 20, 12;
L_000002501560fdf0 .part L_00000250155b5aa0, 15, 5;
L_000002501560f350 .concat [ 5 27 0 0], L_000002501560fdf0, L_00000250155b6230;
L_000002501560f670 .cmp/ne 32, L_00000250155b5aa0, L_00000250155b6278;
L_000002501560f490 .part v00000250155b5d20_0, 3, 1;
L_000002501560ee50 .part v00000250155b49c0_0, 11, 1;
L_000002501560f990 .part v00000250155b4240_0, 11, 1;
L_000002501560fb70 .part v00000250155b5d20_0, 3, 1;
L_000002501560fcb0 .part v00000250155b49c0_0, 3, 1;
L_000002501560fe90 .part v00000250155b4240_0, 3, 1;
L_000002501560f170 .part v00000250155b5d20_0, 3, 1;
L_000002501560e630 .part v00000250155b49c0_0, 7, 1;
L_000002501560ff30 .part v00000250155b4240_0, 7, 1;
L_000002501560e6d0 .part v00000250154e4490_0, 0, 16;
L_000002501560e1d0 .cmp/ne 2, v00000250155b4ba0_0, L_00000250155b62c0;
L_000002501560ea90 .cmp/ne 5, v00000250155b4ec0_0, L_00000250155b6308;
L_000002501560f710 .cmp/eq 2, v00000250155b4ba0_0, L_00000250155b6350;
L_000002501560eef0 .functor MUXZ 32, v00000250155b5780_0, L_00000250154c5940, L_000002501560f710, C4<>;
L_000002501560f0d0 .cmp/eq 5, v00000250155b4ec0_0, L_00000250155b47e0;
L_000002501560e950 .cmp/ne 5, L_00000250155b47e0, L_00000250155b6398;
L_000002501560edb0 .functor MUXZ 32, v00000250154e3ef0_0, L_000002501560eef0, L_0000025015611690, C4<>;
L_000002501560f030 .cmp/eq 5, v00000250155b4ec0_0, L_00000250155b5960;
L_000002501560f7b0 .cmp/ne 5, L_00000250155b5960, L_00000250155b63e0;
L_000002501560f210 .functor MUXZ 32, v00000250154e40d0_0, L_000002501560eef0, L_00000250156113f0, C4<>;
L_000002501560f530 .cmp/eq 2, v00000250155b4ba0_0, L_00000250155b6428;
L_000002501560f5d0 .cmp/eq 12, v00000250155b5c80_0, L_000002501560fad0;
L_0000025015613880 .cmp/eq 2, v00000250155b4ba0_0, L_00000250155b6470;
L_00000250156125c0 .cmp/eq 12, v00000250155b5c80_0, L_00000250155b64b8;
L_00000250156134c0 .functor MUXZ 32, v00000250155b4420_0, v00000250155b4560_0, L_0000025015611770, C4<>;
L_0000025015612ca0 .cmp/eq 7, L_00000250155b56e0, L_00000250155b6500;
L_0000025015613560 .cmp/eq 7, L_00000250155b56e0, L_00000250155b6548;
L_0000025015613600 .cmp/eq 7, L_00000250155b56e0, L_00000250155b6590;
S_000002501545e220 .scope function.vec4.s32, "GetCSR" "GetCSR" 2 216, 2 216 0, S_000002501545df90;
 .timescale -9 -12;
; Variable GetCSR is vec4 return value of scope S_000002501545e220
v00000250154e3f90_0 .var "addr", 11 0;
TD_CPU.GetCSR ;
    %load/vec4 v00000250154e3f90_0;
    %dup/vec4;
    %pushi/vec4 768, 0, 12;
    %cmp/u;
    %jmp/1 T_0.0, 6;
    %dup/vec4;
    %pushi/vec4 769, 0, 12;
    %cmp/u;
    %jmp/1 T_0.1, 6;
    %dup/vec4;
    %pushi/vec4 772, 0, 12;
    %cmp/u;
    %jmp/1 T_0.2, 6;
    %dup/vec4;
    %pushi/vec4 773, 0, 12;
    %cmp/u;
    %jmp/1 T_0.3, 6;
    %dup/vec4;
    %pushi/vec4 832, 0, 12;
    %cmp/u;
    %jmp/1 T_0.4, 6;
    %dup/vec4;
    %pushi/vec4 833, 0, 12;
    %cmp/u;
    %jmp/1 T_0.5, 6;
    %dup/vec4;
    %pushi/vec4 834, 0, 12;
    %cmp/u;
    %jmp/1 T_0.6, 6;
    %dup/vec4;
    %pushi/vec4 835, 0, 12;
    %cmp/u;
    %jmp/1 T_0.7, 6;
    %dup/vec4;
    %pushi/vec4 836, 0, 12;
    %cmp/u;
    %jmp/1 T_0.8, 6;
    %dup/vec4;
    %pushi/vec4 3072, 0, 12;
    %cmp/u;
    %jmp/1 T_0.9, 6;
    %dup/vec4;
    %pushi/vec4 3074, 0, 12;
    %cmp/u;
    %jmp/1 T_0.10, 6;
    %dup/vec4;
    %pushi/vec4 3200, 0, 12;
    %cmp/u;
    %jmp/1 T_0.11, 6;
    %dup/vec4;
    %pushi/vec4 3202, 0, 12;
    %cmp/u;
    %jmp/1 T_0.12, 6;
    %pushi/vec4 0, 0, 32;
    %ret/vec4 0, 0, 32;  Assign to GetCSR (store_vec4_to_lval)
    %jmp T_0.14;
T_0.0 ;
    %load/vec4 v00000250155b5d20_0;
    %ret/vec4 0, 0, 32;  Assign to GetCSR (store_vec4_to_lval)
    %jmp T_0.14;
T_0.1 ;
    %load/vec4 v00000250155b42e0_0;
    %ret/vec4 0, 0, 32;  Assign to GetCSR (store_vec4_to_lval)
    %jmp T_0.14;
T_0.2 ;
    %load/vec4 v00000250155b49c0_0;
    %ret/vec4 0, 0, 32;  Assign to GetCSR (store_vec4_to_lval)
    %jmp T_0.14;
T_0.3 ;
    %load/vec4 v00000250155b4d80_0;
    %ret/vec4 0, 0, 32;  Assign to GetCSR (store_vec4_to_lval)
    %jmp T_0.14;
T_0.4 ;
    %load/vec4 v00000250155b51e0_0;
    %ret/vec4 0, 0, 32;  Assign to GetCSR (store_vec4_to_lval)
    %jmp T_0.14;
T_0.5 ;
    %load/vec4 v00000250155b4420_0;
    %ret/vec4 0, 0, 32;  Assign to GetCSR (store_vec4_to_lval)
    %jmp T_0.14;
T_0.6 ;
    %load/vec4 v00000250155b3630_0;
    %ret/vec4 0, 0, 32;  Assign to GetCSR (store_vec4_to_lval)
    %jmp T_0.14;
T_0.7 ;
    %load/vec4 v00000250155b4880_0;
    %ret/vec4 0, 0, 32;  Assign to GetCSR (store_vec4_to_lval)
    %jmp T_0.14;
T_0.8 ;
    %load/vec4 v00000250155b4240_0;
    %ret/vec4 0, 0, 32;  Assign to GetCSR (store_vec4_to_lval)
    %jmp T_0.14;
T_0.9 ;
    %load/vec4 v00000250155b3d10_0;
    %parti/s 32, 0, 2;
    %ret/vec4 0, 0, 32;  Assign to GetCSR (store_vec4_to_lval)
    %jmp T_0.14;
T_0.10 ;
    %load/vec4 v00000250155b2cd0_0;
    %parti/s 32, 0, 2;
    %ret/vec4 0, 0, 32;  Assign to GetCSR (store_vec4_to_lval)
    %jmp T_0.14;
T_0.11 ;
    %load/vec4 v00000250155b3d10_0;
    %parti/s 32, 32, 7;
    %ret/vec4 0, 0, 32;  Assign to GetCSR (store_vec4_to_lval)
    %jmp T_0.14;
T_0.12 ;
    %load/vec4 v00000250155b2cd0_0;
    %parti/s 32, 32, 7;
    %ret/vec4 0, 0, 32;  Assign to GetCSR (store_vec4_to_lval)
    %jmp T_0.14;
T_0.14 ;
    %pop/vec4 1;
    %end;
S_0000025015456f90 .scope task, "SetCSR" "SetCSR" 2 238, 2 238 0, S_000002501545df90;
 .timescale -9 -12;
v00000250154e3db0_0 .var "addr", 11 0;
v00000250154e4170_0 .var "value", 31 0;
TD_CPU.SetCSR ;
    %load/vec4 v00000250154e3db0_0;
    %dup/vec4;
    %pushi/vec4 768, 0, 12;
    %cmp/u;
    %jmp/1 T_1.15, 6;
    %dup/vec4;
    %pushi/vec4 772, 0, 12;
    %cmp/u;
    %jmp/1 T_1.16, 6;
    %dup/vec4;
    %pushi/vec4 773, 0, 12;
    %cmp/u;
    %jmp/1 T_1.17, 6;
    %dup/vec4;
    %pushi/vec4 832, 0, 12;
    %cmp/u;
    %jmp/1 T_1.18, 6;
    %dup/vec4;
    %pushi/vec4 833, 0, 12;
    %cmp/u;
    %jmp/1 T_1.19, 6;
    %dup/vec4;
    %pushi/vec4 834, 0, 12;
    %cmp/u;
    %jmp/1 T_1.20, 6;
    %dup/vec4;
    %pushi/vec4 835, 0, 12;
    %cmp/u;
    %jmp/1 T_1.21, 6;
    %dup/vec4;
    %pushi/vec4 836, 0, 12;
    %cmp/u;
    %jmp/1 T_1.22, 6;
    %jmp T_1.24;
T_1.15 ;
    %load/vec4 v00000250154e4170_0;
    %assign/vec4 v00000250155b5d20_0, 0;
    %jmp T_1.24;
T_1.16 ;
    %load/vec4 v00000250154e4170_0;
    %assign/vec4 v00000250155b49c0_0, 0;
    %jmp T_1.24;
T_1.17 ;
    %load/vec4 v00000250154e4170_0;
    %assign/vec4 v00000250155b4d80_0, 0;
    %jmp T_1.24;
T_1.18 ;
    %load/vec4 v00000250154e4170_0;
    %assign/vec4 v00000250155b51e0_0, 0;
    %jmp T_1.24;
T_1.19 ;
    %load/vec4 v00000250154e4170_0;
    %assign/vec4 v00000250155b4420_0, 0;
    %jmp T_1.24;
T_1.20 ;
    %load/vec4 v00000250154e4170_0;
    %assign/vec4 v00000250155b3630_0, 0;
    %jmp T_1.24;
T_1.21 ;
    %load/vec4 v00000250154e4170_0;
    %assign/vec4 v00000250155b4880_0, 0;
    %jmp T_1.24;
T_1.22 ;
    %load/vec4 v00000250154e4170_0;
    %assign/vec4 v00000250155b4240_0, 0;
    %jmp T_1.24;
T_1.24 ;
    %pop/vec4 1;
    %end;
S_0000025015457120 .scope module, "alu" "ALU" 2 205, 3 2 0, S_000002501545df90;
 .timescale -9 -12;
    .port_info 0 /INPUT 4 "alu_control";
    .port_info 1 /INPUT 32 "operand_a";
    .port_info 2 /INPUT 32 "operand_b";
    .port_info 3 /OUTPUT 32 "alu_result";
L_0000025015611af0 .functor BUFZ 32, v00000250155b4c40_0, C4<00000000000000000000000000000000>, C4<00000000000000000000000000000000>, C4<00000000000000000000000000000000>;
L_0000025015611d20 .functor BUFZ 32, v00000250155b4600_0, C4<00000000000000000000000000000000>, C4<00000000000000000000000000000000>, C4<00000000000000000000000000000000>;
v00000250154e4030_0 .net "alu_control", 3 0, v00000250155b2230_0;  1 drivers
v00000250154e4c10_0 .var "alu_result", 31 0;
v00000250154e4670_0 .net "operand_a", 31 0, v00000250155b4c40_0;  1 drivers
v00000250154e5070_0 .net "operand_b", 31 0, v00000250155b4600_0;  1 drivers
v00000250154e4e90_0 .net/s "signed_a", 31 0, L_0000025015611af0;  1 drivers
v00000250154e3a90_0 .net/s "signed_b", 31 0, L_0000025015611d20;  1 drivers
E_00000250154db620/0 .event anyedge, v00000250154e4030_0, v00000250154e4670_0, v00000250154e5070_0, v00000250154e4e90_0;
E_00000250154db620/1 .event anyedge, v00000250154e3a90_0;
E_00000250154db620 .event/or E_00000250154db620/0, E_00000250154db620/1;
S_0000025015422720 .scope module, "registry" "Registry" 2 184, 4 3 0, S_000002501545df90;
 .timescale -9 -12;
    .port_info 0 /INPUT 1 "clk";
    .port_info 1 /INPUT 1 "rst";
    .port_info 2 /INPUT 5 "rs1_addr";
    .port_info 3 /INPUT 5 "rs2_addr";
    .port_info 4 /INPUT 5 "rd_addr";
    .port_info 5 /INPUT 32 "rd_data";
    .port_info 6 /INPUT 1 "reg_write_enable";
    .port_info 7 /OUTPUT 32 "rs1_data";
    .port_info 8 /OUTPUT 32 "rs2_data";
v00000250154e3e50_0 .net "clk", 0 0, o0000025015580358;  alias, 0 drivers
v00000250154e3c70_0 .net "rd_addr", 4 0, v00000250154e4530_0;  1 drivers
v00000250154e4fd0_0 .net "rd_data", 31 0, v00000250154e3590_0;  1 drivers
v00000250154e42b0_0 .net "reg_write_enable", 0 0, v00000250154e4710_0;  1 drivers
v00000250154e3950 .array "registers", 0 31, 31 0;
v00000250154e3270_0 .net "rs1_addr", 4 0, v00000250155b4b00_0;  1 drivers
v00000250154e3ef0_0 .var "rs1_data", 31 0;
v00000250154e4350_0 .net "rs2_addr", 4 0, v00000250155b5820_0;  1 drivers
v00000250154e40d0_0 .var "rs2_data", 31 0;
v00000250154e4d50_0 .net "rst", 0 0, o0000025015580ad8;  alias, 0 drivers
E_00000250154dbd20 .event posedge, v00000250154e4d50_0, v00000250154e3e50_0;
v00000250154e3950_0 .array/port v00000250154e3950, 0;
v00000250154e3950_1 .array/port v00000250154e3950, 1;
v00000250154e3950_2 .array/port v00000250154e3950, 2;
E_00000250154dbee0/0 .event anyedge, v00000250154e3270_0, v00000250154e3950_0, v00000250154e3950_1, v00000250154e3950_2;
v00000250154e3950_3 .array/port v00000250154e3950, 3;
v00000250154e3950_4 .array/port v00000250154e3950, 4;
v00000250154e3950_5 .array/port v00000250154e3950, 5;
v00000250154e3950_6 .array/port v00000250154e3950, 6;
E_00000250154dbee0/1 .event anyedge, v00000250154e3950_3, v00000250154e3950_4, v00000250154e3950_5, v00000250154e3950_6;
v00000250154e3950_7 .array/port v00000250154e3950, 7;
v00000250154e3950_8 .array/port v00000250154e3950, 8;
v00000250154e3950_9 .array/port v00000250154e3950, 9;
v00000250154e3950_10 .array/port v00000250154e3950, 10;
E_00000250154dbee0/2 .event anyedge, v00000250154e3950_7, v00000250154e3950_8, v00000250154e3950_9, v00000250154e3950_10;
v00000250154e3950_11 .array/port v00000250154e3950, 11;
v00000250154e3950_12 .array/port v00000250154e3950, 12;
v00000250154e3950_13 .array/port v00000250154e3950, 13;
v00000250154e3950_14 .array/port v00000250154e3950, 14;
E_00000250154dbee0/3 .event anyedge, v00000250154e3950_11, v00000250154e3950_12, v00000250154e3950_13, v00000250154e3950_14;
v00000250154e3950_15 .array/port v00000250154e3950, 15;
v00000250154e3950_16 .array/port v00000250154e3950, 16;
v00000250154e3950_17 .array/port v00000250154e3950, 17;
v00000250154e3950_18 .array/port v00000250154e3950, 18;
E_00000250154dbee0/4 .event anyedge, v00000250154e3950_15, v00000250154e3950_16, v00000250154e3950_17, v00000250154e3950_18;
v00000250154e3950_19 .array/port v00000250154e3950, 19;
v00000250154e3950_20 .array/port v00000250154e3950, 20;
v00000250154e3950_21 .array/port v00000250154e3950, 21;
v00000250154e3950_22 .array/port v00000250154e3950, 22;
E_00000250154dbee0/5 .event anyedge, v00000250154e3950_19, v00000250154e3950_20, v00000250154e3950_21, v00000250154e3950_22;
v00000250154e3950_23 .array/port v00000250154e3950, 23;
v00000250154e3950_24 .array/port v00000250154e3950, 24;
v00000250154e3950_25 .array/port v00000250154e3950, 25;
v00000250154e3950_26 .array/port v00000250154e3950, 26;
E_00000250154dbee0/6 .event anyedge, v00000250154e3950_23, v00000250154e3950_24, v00000250154e3950_25, v00000250154e3950_26;
v00000250154e3950_27 .array/port v00000250154e3950, 27;
v00000250154e3950_28 .array/port v00000250154e3950, 28;
v00000250154e3950_29 .array/port v00000250154e3950, 29;
v00000250154e3950_30 .array/port v00000250154e3950, 30;
E_00000250154dbee0/7 .event anyedge, v00000250154e3950_27, v00000250154e3950_28, v00000250154e3950_29, v00000250154e3950_30;
v00000250154e3950_31 .array/port v00000250154e3950, 31;
E_00000250154dbee0/8 .event anyedge, v00000250154e3950_31, v00000250154e4350_0;
E_00000250154dbee0 .event/or E_00000250154dbee0/0, E_00000250154dbee0/1, E_00000250154dbee0/2, E_00000250154dbee0/3, E_00000250154dbee0/4, E_00000250154dbee0/5, E_00000250154dbee0/6, E_00000250154dbee0/7, E_00000250154dbee0/8;
S_00000250154228b0 .scope begin, "rst_loop" "rst_loop" 4 24, 4 24 0, S_0000025015422720;
 .timescale -9 -12;
v00000250154e4f30_0 .var/i "i", 31 0;
    .scope S_0000025015422720;
T_2 ;
    %wait E_00000250154dbee0;
    %load/vec4 v00000250154e3270_0;
    %pad/u 7;
    %ix/vec4 4;
    %load/vec4a v00000250154e3950, 4;
    %store/vec4 v00000250154e3ef0_0, 0, 32;
    %load/vec4 v00000250154e4350_0;
    %pad/u 7;
    %ix/vec4 4;
    %load/vec4a v00000250154e3950, 4;
    %store/vec4 v00000250154e40d0_0, 0, 32;
    %jmp T_2;
    .thread T_2, $push;
    .scope S_0000025015422720;
T_3 ;
    %wait E_00000250154dbd20;
    %load/vec4 v00000250154e4d50_0;
    %flag_set/vec4 8;
    %jmp/0xz  T_3.0, 8;
    %fork t_1, S_00000250154228b0;
    %jmp t_0;
    .scope S_00000250154228b0;
t_1 ;
    %pushi/vec4 0, 0, 32;
    %store/vec4 v00000250154e4f30_0, 0, 32;
T_3.2 ;
    %load/vec4 v00000250154e4f30_0;
    %cmpi/s 32, 0, 32;
    %jmp/0xz T_3.3, 5;
    %pushi/vec4 0, 0, 32;
    %ix/getv/s 3, v00000250154e4f30_0;
    %ix/load 4, 0, 0; Constant delay
    %assign/vec4/a/d v00000250154e3950, 0, 4;
    %load/vec4 v00000250154e4f30_0;
    %addi 1, 0, 32;
    %store/vec4 v00000250154e4f30_0, 0, 32;
    %jmp T_3.2;
T_3.3 ;
    %end;
    .scope S_0000025015422720;
t_0 %join;
    %jmp T_3.1;
T_3.0 ;
    %load/vec4 v00000250154e42b0_0;
    %flag_set/vec4 9;
    %flag_get/vec4 9;
    %jmp/0 T_3.6, 9;
    %load/vec4 v00000250154e3c70_0;
    %pushi/vec4 0, 0, 5;
    %cmp/ne;
    %flag_get/vec4 4;
    %and;
T_3.6;
    %flag_set/vec4 8;
    %jmp/0xz  T_3.4, 8;
    %load/vec4 v00000250154e4fd0_0;
    %load/vec4 v00000250154e3c70_0;
    %pad/u 7;
    %ix/vec4 3;
    %ix/load 4, 0, 0; Constant delay
    %assign/vec4/a/d v00000250154e3950, 0, 4;
T_3.4 ;
T_3.1 ;
    %jmp T_3;
    .thread T_3;
    .scope S_0000025015457120;
T_4 ;
    %wait E_00000250154db620;
    %load/vec4 v00000250154e4030_0;
    %dup/vec4;
    %pushi/vec4 0, 0, 4;
    %cmp/u;
    %jmp/1 T_4.0, 6;
    %dup/vec4;
    %pushi/vec4 1, 0, 4;
    %cmp/u;
    %jmp/1 T_4.1, 6;
    %dup/vec4;
    %pushi/vec4 2, 0, 4;
    %cmp/u;
    %jmp/1 T_4.2, 6;
    %dup/vec4;
    %pushi/vec4 3, 0, 4;
    %cmp/u;
    %jmp/1 T_4.3, 6;
    %dup/vec4;
    %pushi/vec4 4, 0, 4;
    %cmp/u;
    %jmp/1 T_4.4, 6;
    %dup/vec4;
    %pushi/vec4 5, 0, 4;
    %cmp/u;
    %jmp/1 T_4.5, 6;
    %dup/vec4;
    %pushi/vec4 6, 0, 4;
    %cmp/u;
    %jmp/1 T_4.6, 6;
    %dup/vec4;
    %pushi/vec4 7, 0, 4;
    %cmp/u;
    %jmp/1 T_4.7, 6;
    %dup/vec4;
    %pushi/vec4 8, 0, 4;
    %cmp/u;
    %jmp/1 T_4.8, 6;
    %dup/vec4;
    %pushi/vec4 13, 0, 4;
    %cmp/u;
    %jmp/1 T_4.9, 6;
    %pushi/vec4 0, 0, 32;
    %store/vec4 v00000250154e4c10_0, 0, 32;
    %jmp T_4.11;
T_4.0 ;
    %load/vec4 v00000250154e4670_0;
    %load/vec4 v00000250154e5070_0;
    %add;
    %store/vec4 v00000250154e4c10_0, 0, 32;
    %jmp T_4.11;
T_4.1 ;
    %load/vec4 v00000250154e4670_0;
    %load/vec4 v00000250154e5070_0;
    %parti/s 5, 0, 2;
    %ix/vec4 4;
    %shiftl 4;
    %store/vec4 v00000250154e4c10_0, 0, 32;
    %jmp T_4.11;
T_4.2 ;
    %load/vec4 v00000250154e4e90_0;
    %load/vec4 v00000250154e3a90_0;
    %cmp/s;
    %jmp/0xz  T_4.12, 5;
    %pushi/vec4 1, 0, 32;
    %store/vec4 v00000250154e4c10_0, 0, 32;
    %jmp T_4.13;
T_4.12 ;
    %pushi/vec4 0, 0, 32;
    %store/vec4 v00000250154e4c10_0, 0, 32;
T_4.13 ;
    %jmp T_4.11;
T_4.3 ;
    %load/vec4 v00000250154e4670_0;
    %load/vec4 v00000250154e5070_0;
    %cmp/u;
    %jmp/0xz  T_4.14, 5;
    %pushi/vec4 1, 0, 32;
    %store/vec4 v00000250154e4c10_0, 0, 32;
    %jmp T_4.15;
T_4.14 ;
    %pushi/vec4 0, 0, 32;
    %store/vec4 v00000250154e4c10_0, 0, 32;
T_4.15 ;
    %jmp T_4.11;
T_4.4 ;
    %load/vec4 v00000250154e4670_0;
    %load/vec4 v00000250154e5070_0;
    %xor;
    %store/vec4 v00000250154e4c10_0, 0, 32;
    %jmp T_4.11;
T_4.5 ;
    %load/vec4 v00000250154e4670_0;
    %load/vec4 v00000250154e5070_0;
    %parti/s 5, 0, 2;
    %ix/vec4 4;
    %shiftr 4;
    %store/vec4 v00000250154e4c10_0, 0, 32;
    %jmp T_4.11;
T_4.6 ;
    %load/vec4 v00000250154e4670_0;
    %load/vec4 v00000250154e5070_0;
    %or;
    %store/vec4 v00000250154e4c10_0, 0, 32;
    %jmp T_4.11;
T_4.7 ;
    %load/vec4 v00000250154e4670_0;
    %load/vec4 v00000250154e5070_0;
    %and;
    %store/vec4 v00000250154e4c10_0, 0, 32;
    %jmp T_4.11;
T_4.8 ;
    %load/vec4 v00000250154e4670_0;
    %load/vec4 v00000250154e5070_0;
    %sub;
    %store/vec4 v00000250154e4c10_0, 0, 32;
    %jmp T_4.11;
T_4.9 ;
    %load/vec4 v00000250154e4e90_0;
    %load/vec4 v00000250154e5070_0;
    %parti/s 5, 0, 2;
    %ix/vec4 4;
    %shiftr/s 4;
    %store/vec4 v00000250154e4c10_0, 0, 32;
    %jmp T_4.11;
T_4.11 ;
    %pop/vec4 1;
    %jmp T_4;
    .thread T_4, $push;
    .scope S_000002501545df90;
T_5 ;
    %wait E_00000250154db0e0;
    %load/vec4 v00000250155b3950_0;
    %dup/vec4;
    %pushi/vec4 0, 0, 3;
    %cmp/u;
    %jmp/1 T_5.0, 6;
    %dup/vec4;
    %pushi/vec4 1, 0, 3;
    %cmp/u;
    %jmp/1 T_5.1, 6;
    %dup/vec4;
    %pushi/vec4 4, 0, 3;
    %cmp/u;
    %jmp/1 T_5.2, 6;
    %dup/vec4;
    %pushi/vec4 5, 0, 3;
    %cmp/u;
    %jmp/1 T_5.3, 6;
    %dup/vec4;
    %pushi/vec4 6, 0, 3;
    %cmp/u;
    %jmp/1 T_5.4, 6;
    %dup/vec4;
    %pushi/vec4 7, 0, 3;
    %cmp/u;
    %jmp/1 T_5.5, 6;
    %pushi/vec4 0, 0, 1;
    %store/vec4 v00000250155b2910_0, 0, 1;
    %jmp T_5.7;
T_5.0 ;
    %load/vec4 v00000250155b4e20_0;
    %load/vec4 v00000250155b4ce0_0;
    %cmp/e;
    %flag_get/vec4 4;
    %store/vec4 v00000250155b2910_0, 0, 1;
    %jmp T_5.7;
T_5.1 ;
    %load/vec4 v00000250155b4e20_0;
    %load/vec4 v00000250155b4ce0_0;
    %cmp/ne;
    %flag_get/vec4 4;
    %store/vec4 v00000250155b2910_0, 0, 1;
    %jmp T_5.7;
T_5.2 ;
    %load/vec4 v00000250155b4e20_0;
    %load/vec4 v00000250155b4ce0_0;
    %cmp/s;
    %flag_get/vec4 5;
    %store/vec4 v00000250155b2910_0, 0, 1;
    %jmp T_5.7;
T_5.3 ;
    %load/vec4 v00000250155b4ce0_0;
    %load/vec4 v00000250155b4e20_0;
    %cmp/s;
    %flag_get/vec4 4;
    %flag_get/vec4 5;
    %or;
    %store/vec4 v00000250155b2910_0, 0, 1;
    %jmp T_5.7;
T_5.4 ;
    %load/vec4 v00000250155b4e20_0;
    %load/vec4 v00000250155b4ce0_0;
    %cmp/u;
    %flag_get/vec4 5;
    %store/vec4 v00000250155b2910_0, 0, 1;
    %jmp T_5.7;
T_5.5 ;
    %load/vec4 v00000250155b4ce0_0;
    %load/vec4 v00000250155b4e20_0;
    %cmp/u;
    %flag_get/vec4 4;
    %flag_get/vec4 5;
    %or;
    %store/vec4 v00000250155b2910_0, 0, 1;
    %jmp T_5.7;
T_5.7 ;
    %pop/vec4 1;
    %jmp T_5;
    .thread T_5, $push;
    .scope S_000002501545df90;
T_6 ;
    %wait E_00000250154db4a0;
    %pushi/vec4 0, 0, 32;
    %store/vec4 v00000250155b5500_0, 0, 32;
    %pushi/vec4 0, 0, 32;
    %store/vec4 v00000250155b4f60_0, 0, 32;
    %load/vec4 v00000250155b3e50_0;
    %flag_set/vec4 8;
    %jmp/0xz  T_6.0, 8;
    %load/vec4 v00000250155b3db0_0;
    %flag_set/vec4 8;
    %jmp/0xz  T_6.2, 8;
    %pushi/vec4 2147483659, 0, 32;
    %store/vec4 v00000250155b5500_0, 0, 32;
    %jmp T_6.3;
T_6.2 ;
    %load/vec4 v00000250155b39f0_0;
    %flag_set/vec4 8;
    %jmp/0xz  T_6.4, 8;
    %pushi/vec4 2147483651, 0, 32;
    %store/vec4 v00000250155b5500_0, 0, 32;
    %jmp T_6.5;
T_6.4 ;
    %pushi/vec4 2147483655, 0, 32;
    %store/vec4 v00000250155b5500_0, 0, 32;
T_6.5 ;
T_6.3 ;
    %jmp T_6.1;
T_6.0 ;
    %load/vec4 v00000250155b34f0_0;
    %flag_set/vec4 8;
    %jmp/0xz  T_6.6, 8;
    %pushi/vec4 11, 0, 32;
    %store/vec4 v00000250155b5500_0, 0, 32;
    %jmp T_6.7;
T_6.6 ;
    %load/vec4 v00000250155b20f0_0;
    %flag_set/vec4 8;
    %jmp/0xz  T_6.8, 8;
    %pushi/vec4 3, 0, 32;
    %store/vec4 v00000250155b5500_0, 0, 32;
    %load/vec4 v00000250154e33b0_0;
    %store/vec4 v00000250155b4f60_0, 0, 32;
    %jmp T_6.9;
T_6.8 ;
    %pushi/vec4 2, 0, 32;
    %store/vec4 v00000250155b5500_0, 0, 32;
    %load/vec4 v00000250154e43f0_0;
    %store/vec4 v00000250155b4f60_0, 0, 32;
T_6.9 ;
T_6.7 ;
T_6.1 ;
    %jmp T_6;
    .thread T_6, $push;
    .scope S_000002501545df90;
T_7 ;
    %wait E_00000250154dbf60;
    %load/vec4 v00000250155b55a0_0;
    %store/vec4 v00000250155b4b00_0, 0, 5;
    %load/vec4 v00000250155b44c0_0;
    %store/vec4 v00000250155b5820_0, 0, 5;
    %pushi/vec4 0, 0, 32;
    %store/vec4 v00000250155b4c40_0, 0, 32;
    %pushi/vec4 0, 0, 32;
    %store/vec4 v00000250155b4600_0, 0, 32;
    %pushi/vec4 0, 0, 4;
    %store/vec4 v00000250155b2230_0, 0, 4;
    %pushi/vec4 0, 0, 32;
    %store/vec4 v00000250154e3d10_0, 0, 32;
    %pushi/vec4 0, 0, 32;
    %store/vec4 v00000250154e38b0_0, 0, 32;
    %pushi/vec4 0, 0, 32;
    %store/vec4 v00000250155b2410_0, 0, 32;
    %load/vec4 v00000250154e4490_0;
    %addi 4, 0, 32;
    %store/vec4 v00000250155b4740_0, 0, 32;
    %pushi/vec4 3, 0, 2;
    %store/vec4 v00000250155b5460_0, 0, 2;
    %pushi/vec4 0, 0, 32;
    %store/vec4 v00000250154e31d0_0, 0, 32;
    %pushi/vec4 0, 0, 32;
    %store/vec4 v00000250154e3b30_0, 0, 32;
    %pushi/vec4 0, 0, 32;
    %store/vec4 v00000250154e4cb0_0, 0, 32;
    %pushi/vec4 7, 0, 3;
    %store/vec4 v00000250154e3450_0, 0, 3;
    %pushi/vec4 7, 0, 3;
    %store/vec4 v00000250154e45d0_0, 0, 3;
    %pushi/vec4 0, 0, 1;
    %store/vec4 v00000250155b34f0_0, 0, 1;
    %pushi/vec4 0, 0, 1;
    %store/vec4 v00000250155b20f0_0, 0, 1;
    %pushi/vec4 0, 0, 1;
    %store/vec4 v00000250155b24b0_0, 0, 1;
    %pushi/vec4 0, 0, 1;
    %store/vec4 v00000250155b53c0_0, 0, 1;
    %pushi/vec4 0, 0, 1;
    %store/vec4 v00000250155b5280_0, 0, 1;
    %pushi/vec4 0, 0, 1;
    %store/vec4 v00000250155b50a0_0, 0, 1;
    %load/vec4 v00000250155b5be0_0;
    %dup/vec4;
    %pushi/vec4 55, 0, 7;
    %cmp/u;
    %jmp/1 T_7.0, 6;
    %dup/vec4;
    %pushi/vec4 23, 0, 7;
    %cmp/u;
    %jmp/1 T_7.1, 6;
    %dup/vec4;
    %pushi/vec4 111, 0, 7;
    %cmp/u;
    %jmp/1 T_7.2, 6;
    %dup/vec4;
    %pushi/vec4 103, 0, 7;
    %cmp/u;
    %jmp/1 T_7.3, 6;
    %dup/vec4;
    %pushi/vec4 99, 0, 7;
    %cmp/u;
    %jmp/1 T_7.4, 6;
    %dup/vec4;
    %pushi/vec4 3, 0, 7;
    %cmp/u;
    %jmp/1 T_7.5, 6;
    %dup/vec4;
    %pushi/vec4 35, 0, 7;
    %cmp/u;
    %jmp/1 T_7.6, 6;
    %dup/vec4;
    %pushi/vec4 19, 0, 7;
    %cmp/u;
    %jmp/1 T_7.7, 6;
    %dup/vec4;
    %pushi/vec4 51, 0, 7;
    %cmp/u;
    %jmp/1 T_7.8, 6;
    %dup/vec4;
    %pushi/vec4 15, 0, 7;
    %cmp/u;
    %jmp/1 T_7.9, 6;
    %dup/vec4;
    %pushi/vec4 115, 0, 7;
    %cmp/u;
    %jmp/1 T_7.10, 6;
    %pushi/vec4 3, 0, 2;
    %store/vec4 v00000250155b5460_0, 0, 2;
    %pushi/vec4 1, 0, 1;
    %store/vec4 v00000250155b24b0_0, 0, 1;
    %jmp T_7.12;
T_7.0 ;
    %load/vec4 v00000250155b3270_0;
    %store/vec4 v00000250154e3d10_0, 0, 32;
    %pushi/vec4 0, 0, 2;
    %store/vec4 v00000250155b5460_0, 0, 2;
    %jmp T_7.12;
T_7.1 ;
    %load/vec4 v00000250154e33b0_0;
    %load/vec4 v00000250155b3270_0;
    %add;
    %store/vec4 v00000250154e3d10_0, 0, 32;
    %pushi/vec4 0, 0, 2;
    %store/vec4 v00000250155b5460_0, 0, 2;
    %jmp T_7.12;
T_7.2 ;
    %load/vec4 v00000250154e33b0_0;
    %addi 4, 0, 32;
    %store/vec4 v00000250154e3d10_0, 0, 32;
    %load/vec4 v00000250154e33b0_0;
    %load/vec4 v00000250155b2b90_0;
    %add;
    %store/vec4 v00000250155b4740_0, 0, 32;
    %pushi/vec4 0, 0, 2;
    %store/vec4 v00000250155b5460_0, 0, 2;
    %jmp T_7.12;
T_7.3 ;
    %load/vec4 v00000250154e33b0_0;
    %addi 4, 0, 32;
    %store/vec4 v00000250154e3d10_0, 0, 32;
    %load/vec4 v00000250155b4e20_0;
    %load/vec4 v00000250155b3450_0;
    %add;
    %pushi/vec4 4294967294, 0, 32;
    %and;
    %store/vec4 v00000250155b4740_0, 0, 32;
    %pushi/vec4 0, 0, 2;
    %store/vec4 v00000250155b5460_0, 0, 2;
    %jmp T_7.12;
T_7.4 ;
    %load/vec4 v00000250155b2910_0;
    %flag_set/vec4 8;
    %jmp/0xz  T_7.13, 8;
    %load/vec4 v00000250154e33b0_0;
    %load/vec4 v00000250155b27d0_0;
    %add;
    %store/vec4 v00000250155b4740_0, 0, 32;
T_7.13 ;
    %pushi/vec4 3, 0, 2;
    %store/vec4 v00000250155b5460_0, 0, 2;
    %jmp T_7.12;
T_7.5 ;
    %load/vec4 v00000250155b4e20_0;
    %store/vec4 v00000250155b4c40_0, 0, 32;
    %load/vec4 v00000250155b3450_0;
    %store/vec4 v00000250155b4600_0, 0, 32;
    %pushi/vec4 0, 0, 4;
    %store/vec4 v00000250155b2230_0, 0, 4;
    %load/vec4 v00000250155b38b0_0;
    %store/vec4 v00000250154e31d0_0, 0, 32;
    %load/vec4 v00000250155b3950_0;
    %store/vec4 v00000250154e3450_0, 0, 3;
    %pushi/vec4 2, 0, 2;
    %store/vec4 v00000250155b5460_0, 0, 2;
    %jmp T_7.12;
T_7.6 ;
    %load/vec4 v00000250155b4e20_0;
    %store/vec4 v00000250155b4c40_0, 0, 32;
    %load/vec4 v00000250155b3c70_0;
    %store/vec4 v00000250155b4600_0, 0, 32;
    %pushi/vec4 0, 0, 4;
    %store/vec4 v00000250155b2230_0, 0, 4;
    %load/vec4 v00000250155b38b0_0;
    %store/vec4 v00000250154e3b30_0, 0, 32;
    %load/vec4 v00000250155b4ce0_0;
    %store/vec4 v00000250154e4cb0_0, 0, 32;
    %load/vec4 v00000250155b3950_0;
    %store/vec4 v00000250154e45d0_0, 0, 3;
    %pushi/vec4 3, 0, 2;
    %store/vec4 v00000250155b5460_0, 0, 2;
    %jmp T_7.12;
T_7.7 ;
    %load/vec4 v00000250155b4e20_0;
    %store/vec4 v00000250155b4c40_0, 0, 32;
    %load/vec4 v00000250155b3450_0;
    %store/vec4 v00000250155b4600_0, 0, 32;
    %load/vec4 v00000250155b3950_0;
    %cmpi/e 5, 0, 3;
    %jmp/0xz  T_7.15, 4;
    %load/vec4 v00000250154e43f0_0;
    %parti/s 1, 30, 6;
    %load/vec4 v00000250155b3950_0;
    %concat/vec4; draw_concat_vec4
    %store/vec4 v00000250155b2230_0, 0, 4;
    %jmp T_7.16;
T_7.15 ;
    %pushi/vec4 0, 0, 1;
    %load/vec4 v00000250155b3950_0;
    %concat/vec4; draw_concat_vec4
    %store/vec4 v00000250155b2230_0, 0, 4;
T_7.16 ;
    %load/vec4 v00000250155b38b0_0;
    %store/vec4 v00000250154e3d10_0, 0, 32;
    %pushi/vec4 0, 0, 2;
    %store/vec4 v00000250155b5460_0, 0, 2;
    %jmp T_7.12;
T_7.8 ;
    %load/vec4 v00000250155b4e20_0;
    %store/vec4 v00000250155b4c40_0, 0, 32;
    %load/vec4 v00000250155b4ce0_0;
    %store/vec4 v00000250155b4600_0, 0, 32;
    %load/vec4 v00000250154e43f0_0;
    %parti/s 1, 30, 6;
    %load/vec4 v00000250155b3950_0;
    %concat/vec4; draw_concat_vec4
    %store/vec4 v00000250155b2230_0, 0, 4;
    %load/vec4 v00000250155b38b0_0;
    %store/vec4 v00000250154e3d10_0, 0, 32;
    %pushi/vec4 0, 0, 2;
    %store/vec4 v00000250155b5460_0, 0, 2;
    %jmp T_7.12;
T_7.9 ;
    %pushi/vec4 3, 0, 2;
    %store/vec4 v00000250155b5460_0, 0, 2;
    %jmp T_7.12;
T_7.10 ;
    %load/vec4 v00000250155b3950_0;
    %cmpi/e 0, 0, 3;
    %jmp/0xz  T_7.17, 4;
    %pushi/vec4 3, 0, 2;
    %store/vec4 v00000250155b5460_0, 0, 2;
    %load/vec4 v00000250154e43f0_0;
    %parti/s 12, 20, 6;
    %cmpi/e 0, 0, 12;
    %jmp/0xz  T_7.19, 4;
    %pushi/vec4 1, 0, 1;
    %store/vec4 v00000250155b34f0_0, 0, 1;
    %jmp T_7.20;
T_7.19 ;
    %load/vec4 v00000250154e43f0_0;
    %parti/s 12, 20, 6;
    %cmpi/e 1, 0, 12;
    %jmp/0xz  T_7.21, 4;
    %pushi/vec4 1, 0, 1;
    %store/vec4 v00000250155b20f0_0, 0, 1;
    %jmp T_7.22;
T_7.21 ;
    %load/vec4 v00000250154e43f0_0;
    %parti/s 12, 20, 6;
    %cmpi/e 770, 0, 12;
    %jmp/0xz  T_7.23, 4;
    %pushi/vec4 1, 0, 1;
    %store/vec4 v00000250155b53c0_0, 0, 1;
T_7.23 ;
T_7.22 ;
T_7.20 ;
    %jmp T_7.18;
T_7.17 ;
    %pushi/vec4 1, 0, 2;
    %store/vec4 v00000250155b5460_0, 0, 2;
    %load/vec4 v00000250155b2e10_0;
    %store/vec4 v00000250154e3f90_0, 0, 12;
    %callf/vec4 TD_CPU.GetCSR, S_000002501545e220;
    %store/vec4 v00000250155b2410_0, 0, 32;
    %load/vec4 v00000250155b2690_0;
    %flag_set/vec4 8;
    %jmp/0xz  T_7.25, 8;
    %load/vec4 v00000250155b31d0_0;
    %store/vec4 v00000250155b2410_0, 0, 32;
T_7.25 ;
    %load/vec4 v00000250155b2410_0;
    %store/vec4 v00000250154e3d10_0, 0, 32;
    %load/vec4 v00000250155b3950_0;
    %cmpi/e 1, 0, 3;
    %jmp/0xz  T_7.27, 4;
    %load/vec4 v00000250155b4e20_0;
    %store/vec4 v00000250154e38b0_0, 0, 32;
    %jmp T_7.28;
T_7.27 ;
    %load/vec4 v00000250155b3950_0;
    %cmpi/e 2, 0, 3;
    %jmp/0xz  T_7.29, 4;
    %load/vec4 v00000250155b2410_0;
    %load/vec4 v00000250155b4e20_0;
    %or;
    %store/vec4 v00000250154e38b0_0, 0, 32;
    %jmp T_7.30;
T_7.29 ;
    %load/vec4 v00000250155b3950_0;
    %cmpi/e 3, 0, 3;
    %jmp/0xz  T_7.31, 4;
    %load/vec4 v00000250155b2410_0;
    %load/vec4 v00000250155b4e20_0;
    %inv;
    %and;
    %store/vec4 v00000250154e38b0_0, 0, 32;
    %jmp T_7.32;
T_7.31 ;
    %load/vec4 v00000250155b3950_0;
    %cmpi/e 5, 0, 3;
    %jmp/0xz  T_7.33, 4;
    %load/vec4 v00000250155b5640_0;
    %store/vec4 v00000250154e38b0_0, 0, 32;
    %jmp T_7.34;
T_7.33 ;
    %load/vec4 v00000250155b3950_0;
    %cmpi/e 6, 0, 3;
    %jmp/0xz  T_7.35, 4;
    %load/vec4 v00000250155b2410_0;
    %load/vec4 v00000250155b5640_0;
    %or;
    %store/vec4 v00000250154e38b0_0, 0, 32;
    %jmp T_7.36;
T_7.35 ;
    %load/vec4 v00000250155b3950_0;
    %cmpi/e 7, 0, 3;
    %jmp/0xz  T_7.37, 4;
    %load/vec4 v00000250155b2410_0;
    %load/vec4 v00000250155b5640_0;
    %inv;
    %and;
    %store/vec4 v00000250154e38b0_0, 0, 32;
    %jmp T_7.38;
T_7.37 ;
    %load/vec4 v00000250155b2410_0;
    %store/vec4 v00000250154e38b0_0, 0, 32;
T_7.38 ;
T_7.36 ;
T_7.34 ;
T_7.32 ;
T_7.30 ;
T_7.28 ;
T_7.18 ;
    %jmp T_7.12;
T_7.12 ;
    %pop/vec4 1;
    %load/vec4 v00000250155b46a0_0;
    %flag_set/vec4 8;
    %flag_get/vec4 8;
    %jmp/0 T_7.39, 8;
    %load/vec4 v00000250155b3e50_0;
    %flag_set/vec4 8;
    %jmp/1 T_7.42, 8;
    %load/vec4 v00000250155b34f0_0;
    %flag_set/vec4 9;
    %flag_or 8, 9;
T_7.42;
    %jmp/1 T_7.41, 8;
    %load/vec4 v00000250155b20f0_0;
    %flag_set/vec4 9;
    %flag_or 8, 9;
T_7.41;
    %flag_get/vec4 8;
    %jmp/1 T_7.40, 8;
    %load/vec4 v00000250155b24b0_0;
    %or;
T_7.40;
    %and;
T_7.39;
    %store/vec4 v00000250155b5280_0, 0, 1;
    %load/vec4 v00000250155b46a0_0;
    %flag_set/vec4 8;
    %flag_get/vec4 8;
    %jmp/0 T_7.43, 8;
    %load/vec4 v00000250155b53c0_0;
    %and;
T_7.43;
    %store/vec4 v00000250155b50a0_0, 0, 1;
    %load/vec4 v00000250155b5280_0;
    %flag_set/vec4 8;
    %jmp/0xz  T_7.44, 8;
    %load/vec4 v00000250155b4d80_0;
    %parti/s 30, 2, 3;
    %concati/vec4 0, 0, 2;
    %store/vec4 v00000250155b4740_0, 0, 32;
    %pushi/vec4 3, 0, 2;
    %store/vec4 v00000250155b5460_0, 0, 2;
    %pushi/vec4 7, 0, 3;
    %store/vec4 v00000250154e3450_0, 0, 3;
    %pushi/vec4 7, 0, 3;
    %store/vec4 v00000250154e45d0_0, 0, 3;
    %jmp T_7.45;
T_7.44 ;
    %load/vec4 v00000250155b50a0_0;
    %flag_set/vec4 8;
    %jmp/0xz  T_7.46, 8;
    %load/vec4 v00000250155b5fa0_0;
    %store/vec4 v00000250155b4740_0, 0, 32;
    %pushi/vec4 3, 0, 2;
    %store/vec4 v00000250155b5460_0, 0, 2;
T_7.46 ;
T_7.45 ;
    %jmp T_7;
    .thread T_7, $push;
    .scope S_000002501545df90;
T_8 ;
    %wait E_00000250154dbd20;
    %load/vec4 v00000250155b41a0_0;
    %flag_set/vec4 8;
    %jmp/0xz  T_8.0, 8;
    %pushi/vec4 0, 0, 32;
    %assign/vec4 v00000250154e4490_0, 0;
    %pushi/vec4 0, 0, 32;
    %assign/vec4 v00000250154e33b0_0, 0;
    %pushi/vec4 0, 0, 1;
    %assign/vec4 v00000250155b2c30_0, 0;
    %pushi/vec4 0, 0, 64;
    %assign/vec4 v00000250155b3d10_0, 0;
    %pushi/vec4 0, 0, 64;
    %assign/vec4 v00000250155b2cd0_0, 0;
    %pushi/vec4 0, 0, 32;
    %assign/vec4 v00000250155b5780_0, 0;
    %pushi/vec4 0, 0, 5;
    %assign/vec4 v00000250155b4ec0_0, 0;
    %pushi/vec4 0, 0, 12;
    %assign/vec4 v00000250155b5c80_0, 0;
    %pushi/vec4 0, 0, 32;
    %assign/vec4 v00000250155b4560_0, 0;
    %pushi/vec4 3, 0, 2;
    %assign/vec4 v00000250155b4ba0_0, 0;
    %jmp T_8.1;
T_8.0 ;
    %load/vec4 v00000250155b4740_0;
    %assign/vec4 v00000250154e4490_0, 0;
    %load/vec4 v00000250154e4490_0;
    %assign/vec4 v00000250154e33b0_0, 0;
    %load/vec4 v00000250155b2190_0;
    %assign/vec4 v00000250155b2c30_0, 0;
    %load/vec4 v00000250155b3d10_0;
    %addi 1, 0, 64;
    %assign/vec4 v00000250155b3d10_0, 0;
    %load/vec4 v00000250155b46a0_0;
    %flag_set/vec4 9;
    %flag_get/vec4 9;
    %jmp/0 T_8.4, 9;
    %load/vec4 v00000250155b5280_0;
    %nor/r;
    %and;
T_8.4;
    %flag_set/vec4 8;
    %jmp/0xz  T_8.2, 8;
    %load/vec4 v00000250155b2cd0_0;
    %addi 1, 0, 64;
    %assign/vec4 v00000250155b2cd0_0, 0;
T_8.2 ;
    %load/vec4 v00000250154e3d10_0;
    %assign/vec4 v00000250155b5780_0, 0;
    %load/vec4 v00000250155b5e60_0;
    %assign/vec4 v00000250155b4ec0_0, 0;
    %load/vec4 v00000250155b2e10_0;
    %assign/vec4 v00000250155b5c80_0, 0;
    %load/vec4 v00000250154e38b0_0;
    %assign/vec4 v00000250155b4560_0, 0;
    %load/vec4 v00000250155b5460_0;
    %assign/vec4 v00000250155b4ba0_0, 0;
T_8.1 ;
    %jmp T_8;
    .thread T_8;
    .scope S_000002501545df90;
T_9 ;
    %wait E_00000250154db2a0;
    %pushi/vec4 0, 0, 5;
    %store/vec4 v00000250154e4530_0, 0, 5;
    %pushi/vec4 0, 0, 32;
    %store/vec4 v00000250154e3590_0, 0, 32;
    %pushi/vec4 0, 0, 1;
    %store/vec4 v00000250154e4710_0, 0, 1;
    %load/vec4 v00000250155b4ba0_0;
    %cmpi/e 0, 0, 2;
    %jmp/0xz  T_9.0, 4;
    %load/vec4 v00000250155b4ec0_0;
    %store/vec4 v00000250154e4530_0, 0, 5;
    %load/vec4 v00000250155b5780_0;
    %store/vec4 v00000250154e3590_0, 0, 32;
    %pushi/vec4 1, 0, 1;
    %store/vec4 v00000250154e4710_0, 0, 1;
    %jmp T_9.1;
T_9.0 ;
    %load/vec4 v00000250155b4ba0_0;
    %cmpi/e 1, 0, 2;
    %jmp/0xz  T_9.2, 4;
    %load/vec4 v00000250155b4ec0_0;
    %store/vec4 v00000250154e4530_0, 0, 5;
    %load/vec4 v00000250155b5780_0;
    %store/vec4 v00000250154e3590_0, 0, 32;
    %pushi/vec4 1, 0, 1;
    %store/vec4 v00000250154e4710_0, 0, 1;
    %jmp T_9.3;
T_9.2 ;
    %load/vec4 v00000250155b4ba0_0;
    %cmpi/e 2, 0, 2;
    %jmp/0xz  T_9.4, 4;
    %load/vec4 v00000250155b4ec0_0;
    %store/vec4 v00000250154e4530_0, 0, 5;
    %load/vec4 v00000250154e4df0_0;
    %store/vec4 v00000250154e3590_0, 0, 32;
    %pushi/vec4 1, 0, 1;
    %store/vec4 v00000250154e4710_0, 0, 1;
    %jmp T_9.5;
T_9.4 ;
    %pushi/vec4 0, 0, 1;
    %store/vec4 v00000250154e4710_0, 0, 1;
T_9.5 ;
T_9.3 ;
T_9.1 ;
    %jmp T_9;
    .thread T_9, $push;
    .scope S_000002501545df90;
T_10 ;
    %wait E_00000250154dbd20;
    %load/vec4 v00000250155b41a0_0;
    %flag_set/vec4 8;
    %jmp/0xz  T_10.0, 8;
    %pushi/vec4 0, 0, 32;
    %assign/vec4 v00000250155b5d20_0, 0;
    %pushi/vec4 0, 0, 32;
    %assign/vec4 v00000250155b49c0_0, 0;
    %pushi/vec4 0, 0, 32;
    %assign/vec4 v00000250155b4240_0, 0;
    %pushi/vec4 0, 0, 32;
    %assign/vec4 v00000250155b4d80_0, 0;
    %pushi/vec4 0, 0, 32;
    %assign/vec4 v00000250155b4420_0, 0;
    %pushi/vec4 0, 0, 32;
    %assign/vec4 v00000250155b3630_0, 0;
    %pushi/vec4 0, 0, 32;
    %assign/vec4 v00000250155b4880_0, 0;
    %pushi/vec4 0, 0, 32;
    %assign/vec4 v00000250155b51e0_0, 0;
    %jmp T_10.1;
T_10.0 ;
    %load/vec4 v00000250155b4ba0_0;
    %cmpi/e 1, 0, 2;
    %jmp/0xz  T_10.2, 4;
    %load/vec4 v00000250155b5c80_0;
    %store/vec4 v00000250154e3db0_0, 0, 12;
    %load/vec4 v00000250155b4560_0;
    %store/vec4 v00000250154e4170_0, 0, 32;
    %fork TD_CPU.SetCSR, S_0000025015456f90;
    %join;
T_10.2 ;
    %load/vec4 v00000250155b5280_0;
    %flag_set/vec4 8;
    %jmp/0xz  T_10.4, 8;
    %load/vec4 v00000250154e33b0_0;
    %assign/vec4 v00000250155b4420_0, 0;
    %load/vec4 v00000250155b5500_0;
    %assign/vec4 v00000250155b3630_0, 0;
    %load/vec4 v00000250155b4f60_0;
    %assign/vec4 v00000250155b4880_0, 0;
    %load/vec4 v00000250155b5d20_0;
    %parti/s 1, 3, 3;
    %ix/load 4, 7, 0;
    %ix/load 5, 0, 0;
    %flag_set/imm 4, 0;
    %assign/vec4/off/d v00000250155b5d20_0, 4, 5;
    %pushi/vec4 0, 0, 1;
    %ix/load 4, 3, 0;
    %ix/load 5, 0, 0;
    %flag_set/imm 4, 0;
    %assign/vec4/off/d v00000250155b5d20_0, 4, 5;
    %pushi/vec4 3, 0, 2;
    %ix/load 4, 11, 0;
    %ix/load 5, 0, 0;
    %flag_set/imm 4, 0;
    %assign/vec4/off/d v00000250155b5d20_0, 4, 5;
    %jmp T_10.5;
T_10.4 ;
    %load/vec4 v00000250155b50a0_0;
    %flag_set/vec4 8;
    %jmp/0xz  T_10.6, 8;
    %load/vec4 v00000250155b5d20_0;
    %parti/s 1, 7, 4;
    %ix/load 4, 3, 0;
    %ix/load 5, 0, 0;
    %flag_set/imm 4, 0;
    %assign/vec4/off/d v00000250155b5d20_0, 4, 5;
    %pushi/vec4 1, 0, 1;
    %ix/load 4, 7, 0;
    %ix/load 5, 0, 0;
    %flag_set/imm 4, 0;
    %assign/vec4/off/d v00000250155b5d20_0, 4, 5;
    %pushi/vec4 3, 0, 2;
    %ix/load 4, 11, 0;
    %ix/load 5, 0, 0;
    %flag_set/imm 4, 0;
    %assign/vec4/off/d v00000250155b5d20_0, 4, 5;
T_10.6 ;
T_10.5 ;
T_10.1 ;
    %jmp T_10;
    .thread T_10;
# The file index is used to find the file name in the following table.
:file_names 5;
    "N/A";
    "<interactive>";
    "CPU.v";
    "./ALU.v";
    "./Registry.v";
